[
    "A typeof string",
    "A = 4 and string = [function typePredicate]"
]
